{
    "instance_status": {
        "status": "Details Found",
        "state": "running",
        "details": {}
    },
    "iam_permissions": {
        "status": "Passed",
        "details": {
            "ec2:DescribeInstances": "Allowed",
            "ec2:DescribeInstanceStatus": "Allowed",
            "ec2:DescribeSecurityGroups": "Allowed",
            "ec2:DescribeNetworkAcls": "Allowed",
            "ec2:DescribeSubnets": "Allowed",
            "ec2:GetConsoleOutput": "Allowed",
            "iam:SimulatePrincipalPolicy": "Allowed",
            "sts:GetCallerIdentity": "Allowed",
            "ssm:SendCommand": "Allowed",
            "ssm:GetCommandInvocation": "Allowed"
        },
        "all_required_met": true
    },
    "security_groups": {
        "status": "Checked",
        "details": {
            "outbound_http": "Allowed",
            "outbound_https": "Allowed",
            "inbound_ssh": "Denied/Missing"
        },
        "ids_found": [
            "sg-0c1c072eef88f2b7e"
        ]
    },
    "nacls": {
        "finding_status": "Found (Explicit)",
        "nacl_id": "acl-071d33a15c7a935d9",
        "rule_check_status": "Checked",
        "rule_details": {
            "nacl_id": "acl-071d33a15c7a935d9",
            "outbound_http": "Allowed",
            "outbound_https": "Allowed",
            "inbound_ephemeral": "Allowed"
        },
        "raw_nacl_details": {
            "Associations": [
                {
                    "NetworkAclAssociationId": "aclassoc-0352092c8dd005ce5",
                    "NetworkAclId": "acl-071d33a15c7a935d9",
                    "SubnetId": "subnet-08a60b97de22373a9"
                }
            ],
            "Entries": [
                {
                    "CidrBlock": "0.0.0.0/0",
                    "Egress": true,
                    "Protocol": "-1",
                    "RuleAction": "allow",
                    "RuleNumber": 100
                },
                {
                    "Egress": true,
                    "Ipv6CidrBlock": "::/0",
                    "Protocol": "-1",
                    "RuleAction": "allow",
                    "RuleNumber": 101
                },
                {
                    "CidrBlock": "0.0.0.0/0",
                    "Egress": true,
                    "Protocol": "-1",
                    "RuleAction": "deny",
                    "RuleNumber": 32767
                },
                {
                    "Egress": true,
                    "Ipv6CidrBlock": "::/0",
                    "Protocol": "-1",
                    "RuleAction": "deny",
                    "RuleNumber": 32768
                },
                {
                    "CidrBlock": "0.0.0.0/0",
                    "Egress": false,
                    "Protocol": "-1",
                    "RuleAction": "allow",
                    "RuleNumber": 100
                },
                {
                    "Egress": false,
                    "Ipv6CidrBlock": "::/0",
                    "Protocol": "-1",
                    "RuleAction": "allow",
                    "RuleNumber": 101
                },
                {
                    "CidrBlock": "0.0.0.0/0",
                    "Egress": false,
                    "Protocol": "-1",
                    "RuleAction": "deny",
                    "RuleNumber": 32767
                },
                {
                    "Egress": false,
                    "Ipv6CidrBlock": "::/0",
                    "Protocol": "-1",
                    "RuleAction": "deny",
                    "RuleNumber": 32768
                }
            ],
            "IsDefault": true,
            "NetworkAclId": "acl-071d33a15c7a935d9",
            "Tags": [],
            "VpcId": "vpc-0676e7524d02f9855",
            "OwnerId": "450339903191"
        }
    },
    "ssm_check": {
        "status": "Failed (InvalidInstanceId)",
        "details": {
            "error": "An error occurred (InvalidInstanceId) when calling the SendCommand operation: Instances [[i-0195b86957c5a419e]] not in a valid state for account 450339903191"
        }
    },
    "ssh_check": {
        "status": "Error (Key Missing)",
        "details": {
            "error": "SSH Key path configuration missing."
        }
    },
    "system_log": {
        "status": "Error (Decoding Failed)",
        "details": {
            "error": "Base64 decoding error: 'ascii' codec can't encode character '\\u2026' in position 37942: ordinal not in range(128)",
            "raw_encoded_output": "\u001b[2J\u001b[01;01H\u001b[=3h\u001b[2J\u001b[01;01H\u001b[2J\u001b[01;01H\u001b[=3h\u001b[2J\u001b[01;01H\u001b[2J\u001b[01;01H\u001b[=3h\u001b[2J\u001b[01;01H\u001b[0m\u001b[35m\u001b[40m\u001b[2J\u001b[01;01H\u001b[=3h\u001b[2J\u001b[01;01H\u001b[0m\u001b[37m\u001b[40mGRUB_FORCE_PARTUUID set, attempting initrdless boot.\n\r[    0.000000] Linux version 6.8.0-1024-aws (buildd@lcy02-amd64-054) (x86_64-linux-gnu-gcc-12 (Ubuntu 12.3.0-1ubuntu1~22.04) 12.3.0, GNU ld (GNU Binutils for Ubuntu) 2.38) #26~22.04.1-Ubuntu SMP Wed Feb 19 06:54:57 UTC 2025 (Ubuntu 6.8.0-1024.26~22.04.1-aws 6.8.12)\r\n[    0.000000] Command line: BOOT_IMAGE=/boot/vmlinuz-6.8.0-1024-aws root=PARTUUID=5dbc7f3b-554e-4a33-9c31-cf24ac3dcf88 ro console=tty1 console=ttyS0 nvme_core.io_timeout=4294967295 panic=-1\r\n[    0.000000] KERNEL supported cpus:\r\n[    0.000000]   Intel GenuineIntel\r\n[    0.000000]   AMD AuthenticAMD\r\n[    0.000000]   Hygon HygonGenuine\r\n[    0.000000]   Centaur CentaurHauls\r\n[    0.000000]   zhaoxin   Shanghai  \r\n[    0.000000] BIOS-provided physical RAM map:\r\n[    0.000000] BIOS-e820: [mem 0x0000000000000000-0x000000000009ffff] usable\r\n[    0.000000] BIOS-e820: [mem 0x0000000000100000-0x00000000bbccdfff] usable\r\n[    0.000000] BIOS-e820: [mem 0x00000000bbcce000-0x00000000bbf4dfff] reserved\r\n[    0.000000] BIOS-e820: [mem 0x00000000bbf4e000-0x00000000bbf5dfff] ACPI data\r\n[    0.000000] BIOS-e820: [mem 0x00000000bbf5e000-0x00000000bbfddfff] ACPI NVS\r\n[    0.000000] BIOS-e820: [mem 0x00000000bbfde000-0x00000000bff7bfff] usable\r\n[    0.000000] BIOS-e820: [mem 0x00000000bff7c000-0x00000000bfffffff] reserved\r\n[    0.000000] BIOS-e820: [mem 0x0000000100000000-0x00000004217fffff] usable\r\n[    0.000000] BIOS-e820: [mem 0x0000000421800000-0x000000043fffffff] reserved\r\n[    0.000000] NX (Execute Disable) protection: active\r\n[    0.000000] APIC: Static calls initialized\r\n[    0.000000] extended physical RAM map:\r\n[    0.000000] reserve setup_data: [mem 0x0000000000000000-0x000000000009ffff] usable\r\n[    0.000000] reserve setup_data: [mem 0x0000000000100000-0x00000000b9ec0017] usable\r\n[    0.000000] reserve setup_data: [mem 0x00000000b9ec0018-0x00000000b9ec8e57] usable\r\n[    0.000000] reserve setup_data: [mem 0x00000000b9ec8e58-0x00000000bbccdfff] usable\r\n[    0.000000] reserve setup_data: [mem 0x00000000bbcce000-0x00000000bbf4dfff] reserved\r\n[    0.000000] reserve setup_data: [mem 0x00000000bbf4e000-0x00000000bbf5dfff] ACPI data\r\n[    0.000000] reserve setup_data: [mem 0x00000000bbf5e000-0x00000000bbfddfff] ACPI NVS\r\n[    0.000000] reserve setup_data: [mem 0x00000000bbfde000-0x00000000bff7bfff] usable\r\n[    0.000000] reserve setup_data: [mem 0x00000000bff7c000-0x00000000bfffffff] reserved\r\n[    0.000000] reserve setup_data: [mem 0x0000000100000000-0x00000004217fffff] usable\r\n[    0.000000] reserve setup_data: [mem 0x0000000421800000-0x000000043fffffff] reserved\r\n[    0.000000] efi: EFI v2.7 by EDK II\r\n[    0.000000] efi: SMBIOS=0xbbe6a000 ACPI=0xbbf5d000 ACPI 2.0=0xbbf5d014 MEMATTR=0xba3ef518 MOKvar=0xbbe59000 \r\n[    0.000000] secureboot: Secure boot disabled\r\n[    0.000000] SMBIOS 2.7 present.\r\n[    0.000000] DMI: Amazon EC2 c5.2xlarge/, BIOS 1.0 10/16/2017\r\n[    0.000000] Hypervisor detected: KVM\r\n[    0.000000] kvm-clock: Using msrs 4b564d01 and 4b564d00\r\n[    0.000000] kvm-clock: using sched offset of 8625511660 cycles\r\n[    0.000003] clocksource: kvm-clock: mask: 0xffffffffffffffff max_cycles: 0x1cd42e4dffb, max_idle_ns: 881590591483 ns\r\n[    0.000005] tsc: Detected 2999.998 MHz processor\r\n[    0.000102] last_pfn = 0x421800 max_arch_pfn = 0x400000000\r\n[    0.000134] MTRR map: 4 entries (2 fixed + 2 variable; max 18), built from 8 variable MTRRs\r\n[    0.000138] x86/PAT: Configuration [0-7]: WB  WC  UC- UC  WB  WP  UC- WT  \r\n[    0.000176] last_pfn = 0xbff7c max_arch_pfn = 0x400000000\r\n[    0.006935] Using GB pages for direct mapping\r\n[    0.007189] secureboot: Secure boot disabled\r\n[    0.007190] RAMDISK: [mem 0xb8eec000-0xb9813fff]\r\n[    0.007195] ACPI: Early table checksum verification disabled\r\n[    0.007198] ACPI: RSDP 0x00000000BBF5D014 000024 (v02 AMAZON)\r\n[    0.007202] ACPI: XSDT 0x00000000BBF5C0E8 00006C (v01 AMAZON AMZNFACP 00000001      01000013)\r\n[    0.007208] ACPI: FACP 0x00000000BBF55000 000114 (v01 AMAZON AMZNFACP 00000001 AMZN 00000001)\r\n[    0.007213] ACPI: DSDT 0x00000000BBF56000 00115A (v01 AMAZON AMZNDSDT 00000001 AMZN 00000001)\r\n[    0.007216] ACPI: FACS 0x00000000BBFD0000 000040\r\n[    0.007219] ACPI: WAET 0x00000000BBF5B000 000028 (v01 AMAZON AMZNWAET 00000001 AMZN 00000001)\r\n[    0.007222] ACPI: SLIT 0x00000000BBF5A000 00006C (v01 AMAZON AMZNSLIT 00000001 AMZN 00000001)\r\n[    0.007225] ACPI: APIC 0x00000000BBF59000 0000A6 (v01 AMAZON AMZNAPIC 00000001 AMZN 00000001)\r\n[    0.007228] ACPI: SRAT 0x00000000BBF58000 000100 (v01 AMAZON AMZNSRAT 00000001 AMZN 00000001)\r\n[    0.007231] ACPI: HPET 0x00000000BBF54000 000038 (v01 AMAZON AMZNHPET 00000001 AMZN 00000001)\r\n[    0.007234] ACPI: SSDT 0x00000000BBF53000 0009AC (v01 AMAZON AMZNSSDT 00000001 AMZN 00000001)\r\n[    0.007237] ACPI: SSDT 0x00000000BBF52000 00007F (v01 AMAZON AMZNSSDT 00000001 AMZN 00000001)\r\n[    0.007241] ACPI: BGRT 0x00000000BBF51000 000038 (v01 AMAZON AMAZON   00000002      01000013)\r\n[    0.007243] ACPI: Reserving FACP table memory at [mem 0xbbf55000-0xbbf55113]\r\n[    0.007245] ACPI: Reserving DSDT table memory at [mem 0xbbf56000-0xbbf57159]\r\n[    0.007246] ACPI: Reserving FACS table memory at [mem 0xbbfd0000-0xbbfd003f]\r\n[    0.007246] ACPI: Reserving WAET table memory at [mem 0xbbf5b000-0xbbf5b027]\r\n[    0.007247] ACPI: Reserving SLIT table memory at [mem 0xbbf5a000-0xbbf5a06b]\r\n[    0.007248] ACPI: Reserving APIC table memory at [mem 0xbbf59000-0xbbf590a5]\r\n[    0.007249] ACPI: Reserving SRAT table memory at [mem 0xbbf58000-0xbbf580ff]\r\n[    0.007250] ACPI: Reserving HPET table memory at [mem 0xbbf54000-0xbbf54037]\r\n[    0.007251] ACPI: Reserving SSDT table memory at [mem 0xbbf53000-0xbbf539ab]\r\n[    0.007252] ACPI: Reserving SSDT table memory at [mem 0xbbf52000-0xbbf5207e]\r\n[    0.007253] ACPI: Reserving BGRT table memory at [mem 0xbbf51000-0xbbf51037]\r\n[    0.007366] SRAT: PXM 0 -> APIC 0x00 -> Node 0\r\n[    0.007369] SRAT: PXM 0 -> APIC 0x01 -> Node 0\r\n[    0.007370] SRAT: PXM 0 -> APIC 0x02 -> Node 0\r\n[    0.007372] SRAT: PXM 0 -> APIC 0x03 -> Node 0\r\n[    0.007374] SRAT: PXM 0 -> APIC 0x04 -> Node 0\r\n[    0.007376] SRAT: PXM 0 -> APIC 0x05 -> Node 0\r\n[    0.007377] SRAT: PXM 0 -> APIC 0x06 -> Node 0\r\n[    0.007379] SRAT: PXM 0 -> APIC 0x07 -> Node 0\r\n[    0.007382] ACPI: SRAT: Node 0 PXM 0 [mem 0x00000000-0xbfffffff]\r\n[    0.007385] ACPI: SRAT: Node 0 PXM 0 [mem 0x100000000-0x43fffffff]\r\n[    0.007404] NUMA: Node 0 [mem 0x00000000-0xbfffffff] + [mem 0x100000000-0x4217fffff] -> [mem 0x00000000-0x4217fffff]\r\n[    0.007413] NODE_DATA(0) allocated [mem 0x4217d4000-0x4217fefff]\r\n[    0.007593] Zone ranges:\r\n[    0.007593]   DMA      [mem 0x0000000000001000-0x0000000000ffffff]\r\n[    0.007595]   DMA32    [mem 0x0000000001000000-0x00000000ffffffff]\r\n[    0.007597]   Normal   [mem 0x0000000100000000-0x00000004217fffff]\r\n[    0.007599]   Device   empty\r\n[    0.007600] Movable zone start for each node\r\n[    0.007602] Early memory node ranges\r\n[    0.007602]   node   0: [mem 0x0000000000001000-0x000000000009ffff]\r\n[    0.007604]   node   0: [mem 0x0000000000100000-0x00000000bbccdfff]\r\n[    0.007605]   node   0: [mem 0x00000000bbfde000-0x00000000bff7bfff]\r\n[    0.007606]   node   0: [mem 0x0000000100000000-0x00000004217fffff]\r\n[    0.007608] Initmem setup node 0 [mem 0x0000000000001000-0x00000004217fffff]\r\n[    0.007615] On node 0, zone DMA: 1 pages in unavailable ranges\r\n[    0.007638] On node 0, zone DMA: 96 pages in unavailable ranges\r\n[    0.012730] On node 0, zone DMA32: 784 pages in unavailable ranges\r\n[    0.034392] On node 0, zone Normal: 132 pages in unavailable ranges\r\n[    0.034624] On node 0, zone Normal: 26624 pages in unavailable ranges\r\n[    0.035035] ACPI: PM-Timer IO Port: 0xb008\r\n[    0.035046] ACPI: LAPIC_NMI (acpi_id[0xff] dfl dfl lint[0x1])\r\n[    0.035103] IOAPIC[0]: apic_id 0, version 32, address 0xfec00000, GSI 0-23\r\n[    0.035106] ACPI: INT_SRC_OVR (bus 0 bus_irq 5 global_irq 5 high level)\r\n[    0.035108] ACPI: INT_SRC_OVR (bus 0 bus_irq 9 global_irq 9 high level)\r\n[    0.035109] ACPI: INT_SRC_OVR (bus 0 bus_irq 10 global_irq 10 high level)\r\n[    0.035110] ACPI: INT_SRC_OVR (bus 0 bus_irq 11 global_irq 11 high level)\r\n[    0.035114] ACPI: Using ACPI (MADT) for SMP configuration information\r\n[    0.035116] ACPI: HPET id: 0x8086a201 base: 0xfed00000\r\n[    0.035132] TSC deadline timer available\r\n[    0.035132] smpboot: Allowing 8 CPUs, 0 hotplug CPUs\r\n[    0.035149] kvm-guest: APIC: eoi() replaced with kvm_guest_apic_eoi_write()\r\n[    0.035164] PM: hibernation: Registered nosave memory: [mem 0x00000000-0x00000fff]\r\n[    0.035166] PM: hibernation: Registered nosave memory: [mem 0x000a0000-0x000fffff]\r\n[    0.035168] PM: hibernation: Registered nosave memory: [mem 0xb9ec0000-0xb9ec0fff]\r\n[    0.035169] PM: hibernation: Registered nosave memory: [mem 0xb9ec8000-0xb9ec8fff]\r\n[    0.035170] PM: hibernation: Registered nosave memory: [mem 0xb9f1f000-0xb9f3afff]\r\n[    0.035172] PM: hibernation: Registered nosave memory: [mem 0xbbcce000-0xbbf4dfff]\r\n[    0.035173] PM: hibernation: Registered nosave memory: [mem 0xbbf4e000-0xbbf5dfff]\r\n[    0.035173] PM: hibernation: Registered nosave memory: [mem 0xbbf5e000-0xbbfddfff]\r\n[    0.035175] PM: hibernation: Registered nosave memory: [mem 0xbff7c000-0xbfffffff]\r\n[    0.035176] PM: hibernation: Registered nosave memory: [mem 0xc0000000-0xffffffff]\r\n[    0.035178] [mem 0xc0000000-0xffffffff] available for PCI devices\r\n[    0.035179] Booting paravirtualized kernel on KVM\r\n[    0.035181] clocksource: refined-jiffies: mask: 0xffffffff max_cycles: 0xffffffff, max_idle_ns: 1910969940391419 ns\r\n[    0.035187] setup_percpu: NR_CPUS:8192 nr_cpumask_bits:8 nr_cpu_ids:8 nr_node_ids:1\r\n[    0.035784] percpu: Embedded 85 pages/cpu s225280 r8192 d114688 u524288\r\n[    0.036154] kvm-guest: PV spinlocks disabled, no host support\r\n[    0.036155] Kernel command line: BOOT_IMAGE=/boot/vmlinuz-6.8.0-1024-aws root=PARTUUID=5dbc7f3b-554e-4a33-9c31-cf24ac3dcf88 ro console=tty1 console=ttyS0 nvme_core.io_timeout=4294967295 panic=-1\r\n[    0.036213] Unknown kernel command line parameters \"BOOT_IMAGE=/boot/vmlinuz-6.8.0-1024-aws\", will be passed to user space.\r\n[    0.036220] random: crng init done\r\n[    0.037884] Dentry cache hash table entries: 2097152 (order: 12, 16777216 bytes, linear)\r\n[    0.038714] Inode-cache hash table entries: 1048576 (order: 11, 8388608 bytes, linear)\r\n[    0.038844] Fallback order for Node 0: 0 \r\n[    0.038847] Built 1 zonelists, mobility grouping on.  Total pages: 4004634\r\n[    0.038848] Policy zone: Normal\r\n[    0.038853] mem auto-init: stack:all(zero), heap alloc:on, heap free:off\r\n[    0.038857] software IO TLB: area num 8.\r\n[    0.089100] Memory: 15819348K/16273452K available (22528K kernel code, 4444K rwdata, 13992K rodata, 5096K init, 4612K bss, 453844K reserved, 0K cma-reserved)\r\n[    0.090023] SLUB: HWalign=64, Order=0-3, MinObjects=0, CPUs=8, Nodes=1\r\n[    0.090035] Kernel/User page tables isolation: enabled\r\n[    0.090065] ftrace: allocating 58304 entries in 228 pages\r\n[    0.090113] ftrace section at ffffffffb7ebc820 sorted properly\r\n[    0.100871] ftrace: allocated 228 pages with 4 groups\r\n[    0.101058] rcu: Hierarchical RCU implementation.\r\n[    0.101060] rcu: \tRCU restricting CPUs from NR_CPUS=8192 to nr_cpu_ids=8.\r\n[    0.101062] \tRude variant of Tasks RCU enabled.\r\n[    0.101062] \tTracing variant of Tasks RCU enabled.\r\n[    0.101063] rcu: RCU calculated value of scheduler-enlistment delay is 100 jiffies.\r\n[    0.101064] rcu: Adjusting geometry for rcu_fanout_leaf=16, nr_cpu_ids=8\r\n[    0.103791] NR_IRQS: 524544, nr_irqs: 488, preallocated irqs: 16\r\n[    0.104032] rcu: srcu_init: Setting srcu_struct sizes based on contention.\r\n[    0.104104] Console: colour dummy device 80x25\r\n[    0.104106] printk: legacy console [tty1] enabled\r\n[    0.104367] printk: legacy console [ttyS0] enabled\r\n[    0.294759] ACPI: Core revision 20230628\r\n[    0.295719] clocksource: hpet: mask: 0xffffffff max_cycles: 0xffffffff, max_idle_ns: 30580167144 ns\r\n[    0.297403] APIC: Switch to symmetric I/O mode setup\r\n[    0.298766] x2apic enabled\r\n[    0.299727] APIC: Switched APIC routing to: physical x2apic\r\n[    0.302497] clocksource: tsc-early: mask: 0xffffffffffffffff max_cycles: 0x2b3e43c8763, max_idle_ns: 440795360101 ns\r\n[    0.304446] Calibrating delay loop (skipped) preset value.. 5999.99 BogoMIPS (lpj=2999998)\r\n[    0.305444] Last level iTLB entries: 4KB 64, 2MB 8, 4MB 8\r\n[    0.305444] Last level dTLB entries: 4KB 64, 2MB 0, 4MB 0, 1GB 4\r\n[    0.305444] Spectre V1 : Mitigation: usercopy/swapgs barriers and __user pointer sanitization\r\n[    0.305444] Spectre V2 : Mitigation: Retpolines\r\n[    0.305444] Spectre V2 : Spectre v2 / SpectreRSB mitigation: Filling RSB on context switch\r\n[    0.305444] Spectre V2 : Spectre v2 / SpectreRSB : Filling RSB on VMEXIT\r\n[    0.305444] RETBleed: WARNING: Spectre v2 mitigation leaves CPU vulnerable to RETBleed attacks, data leaks possible!\r\n[    0.305444] RETBleed: Vulnerable\r\n[    0.305444] Speculative Store Bypass: Vulnerable\r\n[    0.305444] MDS: Vulnerable: Clear CPU buffers attempted, no microcode\r\n[    0.305444] MMIO Stale Data: Vulnerable: Clear CPU buffers attempted, no microcode\r\n[    0.305444] GDS: Unknown: Dependent on hypervisor status\r\n[    0.305444] x86/fpu: Supporting XSAVE feature 0x001: 'x87 floating point registers'\r\n[    0.305444] x86/fpu: Supporting XSAVE feature 0x002: 'SSE registers'\r\n[    0.305444] x86/fpu: Supporting XSAVE feature 0x004: 'AVX registers'\r\n[    0.305444] x86/fpu: Supporting XSAVE feature 0x008: 'MPX bounds registers'\r\n[    0.305444] x86/fpu: Supporting XSAVE feature 0x010: 'MPX CSR'\r\n[    0.305444] x86/fpu: Supporting XSAVE feature 0x020: 'AVX-512 opmask'\r\n[    0.305444] x86/fpu: Supporting XSAVE feature 0x040: 'AVX-512 Hi256'\r\n[    0.305444] x86/fpu: Supporting XSAVE feature 0x080: 'AVX-512 ZMM_Hi256'\r\n[    0.305444] x86/fpu: Supporting XSAVE feature 0x200: 'Protection Keys User registers'\r\n[    0.305444] x86/fpu: xstate_offset[2]:  576, xstate_sizes[2]:  256\r\n[    0.305444] x86/fpu: xstate_offset[3]:  832, xstate_sizes[3]:   64\r\n[    0.305444] x86/fpu: xstate_offset[4]:  896, xstate_sizes[4]:   64\r\n[    0.305444] x86/fpu: xstate_offset[5]:  960, xstate_sizes[5]:   64\r\n[    0.305444] x86/fpu: xstate_offset[6]: 1024, xstate_sizes[6]:  512\r\n[    0.305444] x86/fpu: xstate_offset[7]: 1536, xstate_sizes[7]: 1024\r\n[    0.305444] x86/fpu: xstate_offset[9]: 2560, xstate_sizes[9]:    8\r\n[    0.305444] x86/fpu: Enabled xstate features 0x2ff, context size is 2568 bytes, using 'compacted' format.\r\n[    0.305444] Freeing SMP alternatives memory: 48K\r\n[    0.305444] pid_max: default: 32768 minimum: 301\r\n[    0.305444] LSM: initializing lsm=lockdown,capability,landlock,yama,apparmor,integrity\r\n[    0.305444] landlock: Up and running.\r\n[    0.305444] Yama: becoming mindful.\r\n[    0.305444] AppArmor: AppArmor initialized\r\n[    0.305444] Mount-cache hash table entries: 32768 (order: 6, 262144 bytes, linear)\r\n[    0.305444] Mountpoint-cache hash table entries: 32768 (order: 6, 262144 bytes, linear)\r\n[    0.305444] smpboot: CPU0: Intel(R) Xeon(R) Platinum 8124M CPU @ 3.00GHz (family: 0x6, model: 0x55, stepping: 0x4)\r\n[    0.305626] RCU Tasks Rude: Setting shift to 3 and lim to 1 rcu_task_cb_adjust=1 rcu_task_cpu_ids=8.\r\n[    0.306469] RCU Tasks Trace: Setting shift to 3 and lim to 1 rcu_task_cb_adjust=1 rcu_task_cpu_ids=8.\r\n[    0.307463] Performance Events: unsupported p6 CPU model 85 no PMU driver, software events only.\r\n[    0.308478] signal: max sigframe size: 3632\r\n[    0.309310] Estimated ratio of average max frequency by base frequency (times 1024): 1160\r\n[    0.309481] rcu: Hierarchical SRCU implementation.\r\n[    0.310383] rcu: \tMax phase no-delay instances is 400.\r\n[    0.310751] NMI watchdog: Perf NMI watchdog permanently disabled\r\n[    0.311566] smp: Bringing up secondary CPUs ...\r\n[    0.312577] smpboot: x86: Booting SMP configuration:\r\n[    0.313449] .... node  #0, CPUs:      #1 #2 #3 #4 #5 #6 #7\r\n[    0.317448] MDS CPU bug present and SMT on, data leak possible. See https://www.kernel.org/doc/html/latest/admin-guide/hw-vuln/mds.html for more details.\r\n[    0.319449] MMIO Stale Data CPU bug present and SMT on, data leak possible. See https://www.kernel.org/doc/html/latest/admin-guide/hw-vuln/processor_mmio_stale_data.html for more details.\r\n[    0.321573] smp: Brought up 1 node, 8 CPUs\r\n[    0.322448] smpboot: Max logical packages: 1\r\n[    0.323245] smpboot: Total of 8 processors activated (47999.96 BogoMIPS)\r\n[    0.324636] devtmpfs: initialized\r\n[    0.325458] x86/mm: Memory block size: 128MB\r\n[    0.327612] ACPI: PM: Registering ACPI NVS region [mem 0xbbf5e000-0xbbfddfff] (524288 bytes)\r\n[    0.328510] clocksource: jiffies: mask: 0xffffffff max_cycles: 0xffffffff, max_idle_ns: 1911260446275000 ns\r\n[    0.329473] futex hash table entries: 2048 (order: 5, 131072 bytes, linear)\r\n[    0.330523] pinctrl core: initialized pinctrl subsystem\r\n[    0.331708] PM: RTC time: 07:16:51, date: 2025-04-18\r\n[    0.333260] NET: Registered PF_NETLINK/PF_ROUTE protocol family\r\n[    0.333929] DMA: preallocated 2048 KiB GFP_KERNEL pool for atomic allocations\r\n[    0.334828] DMA: preallocated 2048 KiB GFP_KERNEL|GFP_DMA pool for atomic allocations\r\n[    0.335833] DMA: preallocated 2048 KiB GFP_KERNEL|GFP_DMA32 pool for atomic allocations\r\n[    0.336462] audit: initializing netlink subsys (disabled)\r\n[    0.337464] audit: type=2000 audit(1744960612.481:1): state=initialized audit_enabled=0 res=1\r\n[    0.337580] thermal_sys: Registered thermal governor 'fair_share'\r\n[    0.338450] thermal_sys: Registered thermal governor 'bang_bang'\r\n[    0.339448] thermal_sys: Registered thermal governor 'step_wise'\r\n[    0.340448] thermal_sys: Registered thermal governor 'user_space'\r\n[    0.341448] thermal_sys: Registered thermal governor 'power_allocator'\r\n[    0.342458] EISA bus registered\r\n[    0.344048] cpuidle: using governor ladder\r\n[    0.344450] cpuidle: using governor menu\r\n[    0.345265] acpiphp: ACPI Hot Plug PCI Controller Driver version: 0.5\r\n[    0.345598] PCI: Using configuration type 1 for base access\r\n[    0.346593] kprobes: kprobe jump-optimization is enabled. All kprobes are optimized if possible.\r\n[    0.347524] HugeTLB: registered 1.00 GiB page size, pre-allocated 0 pages\r\n[    0.348451] HugeTLB: 16380 KiB vmemmap can be freed for a 1.00 GiB page\r\n[    0.349450] HugeTLB: registered 2.00 MiB page size, pre-allocated 0 pages\r\n[    0.350449] HugeTLB: 28 KiB vmemmap can be freed for a 2.00 MiB page\r\n[    0.375620] fbcon: Taking over console\r\n[    0.376508] ACPI: Added _OSI(Module Device)\r\n[    0.377303] ACPI: Added _OSI(Processor Device)\r\n[    0.377448] ACPI: Added _OSI(3.0 _SCP Extensions)\r\n[    0.378344] ACPI: Added _OSI(Processor Aggregator Device)\r\n[    0.380617] ACPI: 3 ACPI AML tables successfully acquired and loaded\r\n[    0.382747] ACPI: _OSC evaluation for CPUs failed, trying _PDC\r\n[    0.383828] ACPI: Interpreter enabled\r\n[    0.384457] ACPI: PM: (supports S0 S4 S5)\r\n[    0.385214] ACPI: Using IOAPIC for interrupt routing\r\n[    0.386552] PCI: Using host bridge windows from ACPI; if necessary, use \"pci=nocrs\" and report a bug\r\n[    0.388449] PCI: Using E820 reservations for host bridge windows\r\n[    0.389547] ACPI: Enabled 2 GPEs in block 00 to 0F\r\n[    0.392951] ACPI: PCI Root Bridge [PCI0] (domain 0000 [bus 00-ff])\r\n[    0.394452] acpi PNP0A03:00: _OSC: OS supports [ASPM ClockPM Segments MSI EDR HPX-Type3]\r\n[    0.395449] acpi PNP0A03:00: _OSC: not requesting OS control; OS requires [ExtendedConfig ASPM ClockPM MSI]\r\n[    0.397457] acpi PNP0A03:00: fail to add MMCONFIG information, can't access extended configuration space under this bridge\r\n[    0.399783] acpiphp: Slot [3] registered\r\n[    0.400470] acpiphp: Slot [4] registered\r\n[    0.401235] acpiphp: Slot [5] registered\r\n[    0.402462] acpiphp: Slot [6] registered\r\n[    0.403222] acpiphp: Slot [7] registered\r\n[    0.403463] acpiphp: Slot [8] registered\r\n[    0.404220] acpiphp: Slot [9] registered\r\n[    0.405461] acpiphp: Slot [10] registered\r\n[    0.406248] acpiphp: Slot [11] registered\r\n[    0.406461] acpiphp: Slot [12] registered\r\n[    0.407236] acpiphp: Slot [13] registered\r\n[    0.408461] acpiphp: Slot [14] registered\r\n[    0.409238] acpiphp: Slot [15] registered\r\n[    0.409462] acpiphp: Slot [16] registered\r\n[    0.410237] acpiphp: Slot [17] registered\r\n[    0.411461] acpiphp: Slot [18] registered\r\n[    0.412240] acpiphp: Slot [19] registered\r\n[    0.413460] acpiphp: Slot [20] registered\r\n[    0.414217] acpiphp: Slot [21] registered\r\n[    0.414462] acpiphp: Slot [22] registered\r\n[    0.415236] acpiphp: Slot [23] registered\r\n[    0.416461] acpiphp: Slot [24] registered\r\n[    0.417238] acpiphp: Slot [25] registered\r\n[    0.417460] acpiphp: Slot [26] registered\r\n[    0.418236] acpiphp: Slot [27] registered\r\n[    0.419461] acpiphp: Slot [28] registered\r\n[    0.420235] acpiphp: Slot [29] registered\r\n[    0.420462] acpiphp: Slot [30] registered\r\n[    0.421230] acpiphp: Slot [31] registered\r\n[    0.422457] PCI host bridge to bus 0000:00\r\n[    0.423233] pci_bus 0000:00: root bus resource [io  0x0000-0x0cf7 window]\r\n[    0.424448] pci_bus 0000:00: root bus resource [io  0x0d00-0xffff window]\r\n[    0.425448] pci_bus 0000:00: root bus resource [mem 0x000a0000-0x000bffff window]\r\n[    0.427448] pci_bus 0000:00: root bus resource [mem 0xc0000000-0xfebfffff window]\r\n[    0.428448] pci_bus 0000:00: root bus resource [mem 0x440000000-0x20043fffffff window]\r\n[    0.429449] pci_bus 0000:00: root bus resource [bus 00-ff]\r\n[    0.430493] pci 0000:00:00.0: [8086:1237] type 00 class 0x060000 conventional PCI endpoint\r\n[    0.432851] pci 0000:00:01.0: [8086:7000] type 00 class 0x060100 conventional PCI endpoint\r\n[    0.435448] pci 0000:00:01.3: [8086:7113] type 00 class 0x000000 conventional PCI endpoint\r\n[    0.438215] pci 0000:00:01.3: quirk: [io  0xb000-0xb03f] claimed by PIIX4 ACPI\r\n[    0.439516] pci 0000:00:01.3: PIIX4 devres E PIO at fff0-ffff\r\n[    0.440464] pci 0000:00:01.3: PIIX4 devres F MMIO at ffc00000-ffffffff\r\n[    0.441463] pci 0000:00:01.3: PIIX4 devres G PIO at fff0-ffff\r\n[    0.442461] pci 0000:00:01.3: PIIX4 devres H MMIO at ffc00000-ffffffff\r\n[    0.443462] pci 0000:00:01.3: PIIX4 devres I PIO at fff0-ffff\r\n[    0.444465] pci 0000:00:01.3: PIIX4 devres J PIO at fff0-ffff\r\n[    0.446941] pci 0000:00:03.0: [1d0f:1111] type 00 class 0x030000 conventional PCI endpoint\r\n[    0.449001] pci 0000:00:03.0: BAR 0 [mem 0xc0000000-0xc03fffff pref]\r\n[    0.451408] pci 0000:00:03.0: ROM [mem 0xffff0000-0xffffffff pref]\r\n[    0.452534] pci 0000:00:03.0: Video device with shadowed ROM at [mem 0x000c0000-0x000dffff]\r\n[    0.454711] pci 0000:00:04.0: [1d0f:8061] type 00 class 0x010802 PCIe Endpoint\r\n[    0.457449] pci 0000:00:04.0: BAR 0 [mem 0xc0514000-0xc0517fff]\r\n[    0.463957] pci 0000:00:05.0: [1d0f:ec20] type 00 class 0x020000 PCIe Endpoint\r\n[    0.466449] pci 0000:00:05.0: BAR 0 [mem 0xc0510000-0xc0513fff]\r\n[    0.469449] pci 0000:00:05.0: BAR 2 [mem 0xc0400000-0xc04fffff pref]\r\n[    0.473449] pci 0000:00:05.0: BAR 4 [mem 0xc0500000-0xc050ffff]\r\n[    0.483598] ACPI: PCI: Interrupt link LNKA configured for IRQ 10\r\n[    0.484550] ACPI: PCI: Interrupt link LNKB configured for IRQ 10\r\n[    0.486550] ACPI: PCI: Interrupt link LNKC configured for IRQ 11\r\n[    0.487550] ACPI: PCI: Interrupt link LNKD configured for IRQ 11\r\n[    0.488498] ACPI: PCI: Interrupt link LNKS configured for IRQ 9\r\n[    0.490474] iommu: Default domain type: Translated\r\n[    0.491449] iommu: DMA domain TLB invalidation policy: lazy mode\r\n[    0.492632] SCSI subsystem initialized\r\n[    0.493481] ACPI: bus type USB registered\r\n[    0.494459] usbcore: registered new interface driver usbfs\r\n[    0.495452] usbcore: registered new interface driver hub\r\n[    0.496454] usbcore: registered new device driver usb\r\n[    0.497423] pps_core: LinuxPPS API ver. 1 registered\r\n[    0.498449] pps_core: Software ver. 5.3.6 - Copyright 2005-2007 Rodolfo Giometti <giometti@linux.it>\r\n[    0.499450] PTP clock support registered\r\n[    0.500470] EDAC MC: Ver: 3.0.0\r\n[    0.501626] efivars: Registered efivars operations\r\n[    0.502680] NetLabel: Initializing\r\n[    0.503342] NetLabel:  domain hash size = 128\r\n[    0.504449] NetLabel:  protocols = UNLABELED CIPSOv4 CALIPSO\r\n[    0.505479] NetLabel:  unlabeled traffic allowed by default\r\n[    0.506471] mctp: management component transport protocol core\r\n[    0.507448] NET: Registered PF_MCTP protocol family\r\n[    0.508383] PCI: Using ACPI for IRQ routing\r\n[    0.509613] pci 0000:00:03.0: vgaarb: setting as boot VGA device\r\n[    0.510444] pci 0000:00:03.0: vgaarb: bridge control possible\r\n[    0.510444] pci 0000:00:03.0: vgaarb: VGA device added: decodes=io+mem,owns=io+mem,locks=none\r\n[    0.513447] vgaarb: loaded\r\n[    0.513981] hpet0: at MMIO 0xfed00000, IRQs 2, 8, 0, 0, 0, 0, 0, 0\r\n[    0.514448] hpet0: 8 comparators, 32-bit 62.500000 MHz counter\r\n[    0.518491] clocksource: Switched to clocksource kvm-clock\r\n[    0.520081] VFS: Disk quotas dquot_6.6.0\r\n[    0.520851] VFS: Dquot-cache hash table entries: 512 (order 0, 4096 bytes)\r\n[    0.522255] AppArmor: AppArmor Filesystem Enabled\r\n[    0.523165] pnp: PnP ACPI init\r\n[    0.524137] pnp: PnP ACPI: found 5 devices\r\n[    0.531535] clocksource: acpi_pm: mask: 0xffffff max_cycles: 0xffffff, max_idle_ns: 2085701024 ns\r\n[    0.533247] NET: Registered PF_INET protocol family\r\n[    0.534600] IP idents hash table entries: 262144 (order: 9, 2097152 bytes, linear)\r\n[    0.551810] tcp_listen_portaddr_hash hash table entries: 8192 (order: 5, 131072 bytes, linear)\r\n[    0.553465] Table-perturb hash table entries: 65536 (order: 6, 262144 bytes, linear)\r\n[    0.555025] TCP established hash table entries: 131072 (order: 8, 1048576 bytes, linear)\r\n[    0.556913] TCP bind hash table entries: 65536 (order: 9, 2097152 bytes, linear)\r\n[    0.558543] TCP: Hash tables configured (established 131072 bind 65536)\r\n[    0.559956] MPTCP token hash table entries: 16384 (order: 6, 393216 bytes, linear)\r\n[    0.561474] UDP hash table entries: 8192 (order: 6, 262144 bytes, linear)\r\n[    0.562831] UDP-Lite hash table entries: 8192 (order: 6, 262144 bytes, linear)\r\n[    0.564245] NET: Registered PF_UNIX/PF_LOCAL protocol family\r\n[    0.565326] NET: Registered PF_XDP protocol family\r\n[    0.566253] pci_bus 0000:00: resource 4 [io  0x0000-0x0cf7 window]\r\n[    0.567428] pci_bus 0000:00: resource 5 [io  0x0d00-0xffff window]\r\n[    0.568598] pci_bus 0000:00: resource 6 [mem 0x000a0000-0x000bffff window]\r\n[    0.569897] pci_bus 0000:00: resource 7 [mem 0xc0000000-0xfebfffff window]\r\n[    0.571179] pci_bus 0000:00: resource 8 [mem 0x440000000-0x20043fffffff window]\r\n[    0.572597] pci 0000:00:00.0: Limiting direct PCI/PCI transfers\r\n[    0.573803] PCI: CLS 0 bytes, default 64\r\n[    0.574583] PCI-DMA: Using software bounce buffering for IO (SWIOTLB)\r\n[    0.574639] Trying to unpack rootfs image as initramfs...\r\n[    0.575797] software IO TLB: mapped [mem 0x00000000b4eec000-0x00000000b8eec000] (64MB)\r\n[    0.575847] clocksource: tsc: mask: 0xffffffffffffffff max_cycles: 0x2b3e43c8763, max_idle_ns: 440795360101 ns\r\n[    0.580196] clocksource: Switched to clocksource tsc\r\n[    0.581514] Initialise system trusted keyrings\r\n[    0.582367] Key type blacklist registered\r\n[    0.583195] workingset: timestamp_bits=36 max_order=22 bucket_order=0\r\n[    0.584234] Freeing initrd memory: 9376K\r\n[    0.584424] zbud: loaded\r\n[    0.585891] squashfs: version 4.0 (2009/01/31) Phillip Lougher\r\n[    0.587116] fuse: init (API version 7.39)\r\n[    0.588044] integrity: Platform Keyring initialized\r\n[    0.588989] integrity: Machine keyring initialized\r\n[    0.600702] Key type asymmetric registered\r\n[    0.601484] Asymmetric key parser 'x509' registered\r\n[    0.602426] Block layer SCSI generic (bsg) driver version 0.4 loaded (major 243)\r\n[    0.603882] io scheduler mq-deadline registered\r\n[    0.604984] shpchp: Standard Hot Plug PCI Controller Driver version: 0.4\r\n[    0.606352] input: Power Button as /devices/LNXSYSTM:00/LNXPWRBN:00/input/input0\r\n[    0.607804] ACPI: button: Power Button [PWRF]\r\n[    0.608668] input: Sleep Button as /devices/LNXSYSTM:00/LNXSLPBN:00/input/input1\r\n[    0.610117] ACPI: button: Sleep Button [SLPF]\r\n[    0.611468] Serial: 8250/16550 driver, 4 ports, IRQ sharing enabled\r\n[    0.639600] 00:04: ttyS0 at I/O 0x3f8 (irq = 4, base_baud = 115200) is a 16550A\r\n[    0.641621] Linux agpgart interface v0.103\r\n[    0.644299] loop: module loaded\r\n[    0.645071] Key type psk registered\r\n[    0.646035] ACPI: bus type drm_connector registered\r\n[    0.646125] nvme nvme0: pci function 0000:00:04.0\r\n[    0.647120] tun: Universal TUN/TAP device driver, 1.6\r\n[    0.648169] ACPI: \\_SB_.LNKD: Enabled at IRQ 11\r\n[    0.648845] PPP generic driver version 2.4.2\r\n[    0.650609] i8042: PNP: PS/2 Controller [PNP0303:KBD,PNP0f13:MOU] at 0x60,0x64 irq 1,12\r\n[    0.652273] i8042: Warning: Keylock active\r\n[    0.654224] serio: i8042 KBD port at 0x60,0x64 irq 1\r\n[    0.655179] serio: i8042 AUX port at 0x60,0x64 irq 12\r\n[    0.656229] mousedev: PS/2 mouse device common for all mice\r\n[    0.657399] rtc_cmos 00:00: RTC can wake from S4\r\n[    0.658750] nvme nvme0: 2/0/0 default/read/poll queues\r\n[    0.659392] rtc_cmos 00:00: registered as rtc0\r\n[    0.660727] rtc_cmos 00:00: setting system clock to 2025-04-18T07:16:51 UTC (1744960611)\r\n[    0.662307] rtc_cmos 00:00: alarms up to one day, 114 bytes nvram\r\n[    0.663459] i2c_dev: i2c /dev entries driver\r\n[    0.664257]  nvme0n1: p1 p14 p15\r\n[    0.664279] device-mapper: core: CONFIG_IMA_DISABLE_HTABLE is disabled. Duplicate IMA measurements will not be recorded in the IMA log.\r\n[    0.667156] device-mapper: uevent: version 1.0.3\r\n[    0.668085] device-mapper: ioctl: 4.48.0-ioctl (2023-03-01) initialised: dm-devel@redhat.com\r\n[    0.669677] platform eisa.0: Probing EISA bus 0\r\n[    0.670536] platform eisa.0: EISA: Cannot allocate resource for mainboard\r\n[    0.671814] platform eisa.0: Cannot allocate resource for EISA slot 1\r\n[    0.673030] platform eisa.0: Cannot allocate resource for EISA slot 2\r\n[    0.674300] platform eisa.0: Cannot allocate resource for EISA slot 3\r\n[    0.675515] platform eisa.0: Cannot allocate resource for EISA slot 4\r\n[    0.676731] platform eisa.0: Cannot allocate resource for EISA slot 5\r\n[    0.677942] platform eisa.0: Cannot allocate resource for EISA slot 6\r\n[    0.679147] platform eisa.0: Cannot allocate resource for EISA slot 7\r\n[    0.680360] platform eisa.0: Cannot allocate resource for EISA slot 8\r\n[    0.681571] platform eisa.0: EISA: Detected 0 cards\r\n[    0.682519] intel_pstate: P-states controlled by the platform\r\n[    0.683710] ledtrig-cpu: registered to indicate activity on CPUs\r\n[    0.685026] [drm] Initialized simpledrm 1.0.0 20200625 for simple-framebuffer.0 on minor 0\r\n[    0.688120] Console: switching to colour frame buffer device 100x37\r\n[    0.690300] simple-framebuffer simple-framebuffer.0: [drm] fb0: simpledrmdrmfb frame buffer device\r\n[    0.692111] drop_monitor: Initializing network drop monitor service\r\n[    0.693419] NET: Registered PF_INET6 protocol family\r\n[    0.695010] Segment Routing with IPv6\r\n[    0.695745] In-situ OAM (IOAM) with IPv6\r\n[    0.696528] NET: Registered PF_PACKET protocol family\r\n[    0.697561] Key type dns_resolver registered\r\n[    0.699186] No MBM correction factor available\r\n[    0.700074] IPI shorthand broadcast: enabled\r\n[    0.702428] sched_clock: Marking stable (502004370, 200406151)->(798278408, -95867887)\r\n[    0.704060] registered taskstats version 1\r\n[    0.705772] Loading compiled-in X.509 certificates\r\n[    0.707436] Loaded X.509 cert 'Build time autogenerated kernel key: e72f517b0fb7de4d63f0f48a3edcbc845f3eb492'\r\n[    0.710737] Loaded X.509 cert 'Canonical Ltd. Live Patch Signing: 14df34d1a87cf37625abec039ef2bf521249b969'\r\n[    0.713772] Loaded X.509 cert 'Canonical Ltd. Kernel Module Signing: 88f752e560a1e0737e31163a466ad7b70a850c19'\r\n[    0.716072] blacklist: Loading compiled-in revocation X.509 certificates\r\n[    0.717931] Loaded X.509 cert 'Canonical Ltd. Secure Boot Signing: 61482aa2830d0ab2ad5af10b7250da9033ddcef0'\r\n[    0.720533] Loaded X.509 cert 'Canonical Ltd. Secure Boot Signing (2017): 242ade75ac4a15e50d50c84b0d45ff3eae707a03'\r\n[    0.722992] Loaded X.509 cert 'Canonical Ltd. Secure Boot Signing (ESM 2018): 365188c1d374d6b07c3c8f240f8ef722433d6a8b'\r\n[    0.725900] Loaded X.509 cert 'Canonical Ltd. Secure Boot Signing (2019): c0746fd6c5da3ae827864651ad66ae47fe24b3e8'\r\n[    0.728747] Loaded X.509 cert 'Canonical Ltd. Secure Boot Signing (2021 v1): a8d54bbb3825cfb94fa13c9f8a594a195c107b8d'\r\n[    0.731479] Loaded X.509 cert 'Canonical Ltd. Secure Boot Signing (2021 v2): 4cf046892d6fd3c9a5b03f98d845f90851dc6a8c'\r\n[    0.734083] Loaded X.509 cert 'Canonical Ltd. Secure Boot Signing (2021 v3): 100437bb6de6e469b581e61cd66bce3ef4ed53af'\r\n[    0.737113] Loaded X.509 cert 'Canonical Ltd. Secure Boot Signing (Ubuntu Core 2019): c1d57b8f6b743f23ee41f4f7ee292f06eecadfb9'\r\n[    0.743492] Key type .fscrypt registered\r\n[    0.744908] Key type fscrypt-provisioning registered\r\n[    0.747036] Key type encrypted registered\r\n[    0.748132] AppArmor: AppArmor sha256 policy hashing enabled\r\n[    0.749809] ima: No TPM chip found, activating TPM-bypass!\r\n[    0.751154] Loading compiled-in module X.509 certificates\r\n[    0.752966] Loaded X.509 cert 'Build time autogenerated kernel key: e72f517b0fb7de4d63f0f48a3edcbc845f3eb492'\r\n[    0.755431] ima: Allocated hash algorithm: sha256\r\n[    0.756778] ima: No architecture policies found\r\n[    0.757991] evm: Initialising EVM extended attributes:\r\n[    0.759275] evm: security.selinux\r\n[    0.760231] evm: security.SMACK64\r\n[    0.761169] evm: security.SMACK64EXEC\r\n[    0.762170] evm: security.SMACK64TRANSMUTE\r\n[    0.763243] evm: security.SMACK64MMAP\r\n[    0.764230] evm: security.apparmor\r\n[    0.765164] evm: security.ima\r\n[    0.766012] evm: security.capability\r\n[    0.766959] evm: HMAC attrs: 0x1\r\n[    0.768210] PM:   Magic number: 5:799:268\r\n[    0.769240] block nvme0n1p1: hash matches\r\n[    0.774487] RAS: Correctable Errors collector initialized.\r\n[    0.775883] clk: Disabling unused clocks\r\n[    1.160856] input: AT Translated Set 2 keyboard as /devices/platform/i8042/serio0/input/input2\r\n[    1.163038] md: Waiting for all devices to be available before autodetect\r\n[    1.164002] md: If you don't use raid, use raid=noautodetect\r\n[    1.164845] md: Autodetecting RAID arrays.\r\n[    1.165519] md: autorun ...\r\n[    1.166041] md: ... autorun DONE.\r\n[    1.260579] EXT4-fs (nvme0n1p1): mounted filesystem 1704c5c0-f1f1-4418-b861-7e80cddeb8e5 ro with ordered data mode. Quota mode: none.\r\n[    1.262282] VFS: Mounted root (ext4 filesystem) readonly on device 259:1.\r\n[    1.263784] devtmpfs: mounted\r\n[    1.265996] Freeing unused decrypted memory: 2028K\r\n[    1.268272] Freeing unused kernel image (initmem) memory: 5096K\r\n[    1.269503] Write protecting the kernel read-only data: 36864k\r\n[    1.270595] Freeing unused kernel image (rodata/data gap) memory: 344K\r\n[    1.318085] x86/mm: Checked W+X mappings: passed, no W+X pages found.\r\n[    1.318974] x86/mm: Checking user space page tables\r\n[    1.364814] x86/mm: Checked W+X mappings: passed, no W+X pages found.\r\n[    1.365717] Run /sbin/init as init process\r\n[    7.559315] systemd[1]: Inserted module 'autofs4'\r\n[    7.994648] systemd[1]: systemd 249.11-0ubuntu3.15 running in system mode (+PAM +AUDIT +SELINUX +APPARMOR +IMA +SMACK +SECCOMP +GCRYPT +GNUTLS +OPENSSL +ACL +BLKID +CURL +ELFUTILS +FIDO2 +IDN2 -IDN +IPTC +KMOD +LIBCRYPTSETUP +LIBFDISK +PCRE2 -PWQUALITY -P11KIT -QRENCODE +BZIP2 +LZ4 +XZ +ZLIB +ZSTD -XKBCOMMON +UTMP +SYSVINIT default-hierarchy=unified)\r\n[    7.999266] systemd[1]: Detected virtualization amazon.\r\n[    8.000455] systemd[1]: Detected architecture x86-64.\r\n\r\nWelcome to \u001b[1mUbuntu 22.04.5 LTS\u001b[0m!\r\n\r\n[    8.263199] systemd[1]: Hostname set to <ip-172-31-29-59>.\r\n[    9.140087] block nvme0n1: the capability attribute has been deprecated.\r\n[   11.412466] systemd[1]: Configuration file /run/systemd/system/netplan-ovs-cleanup.service is marked world-inaccessible. This has no effect as configuration data is accessible via APIs without restrictions. Proceeding anyway.\r\n[   11.916066] systemd[1]: /lib/systemd/system/snapd.service:23: Unknown key name 'RestartMode' in section 'Service', ignoring.\r\n[   13.078002] systemd[1]: /etc/systemd/system/cloud-final.service.d/wait-for-network.conf:1: Assignment outside of section. Ignoring.\r\n[   13.079852] systemd[1]: /etc/systemd/system/cloud-final.service.d/wait-for-network.conf:2: Assignment outside of section. Ignoring.\r\n[   13.082306] systemd[1]: /etc/systemd/system/cloud-final.service.d/wait-for-network.conf:3: Assignment outside of section. Ignoring.\r\n[   13.490736] systemd[1]: Queued start job for default target Graphical Interface.\r\n[   13.499054] systemd[1]: Created slice Virtual Machine and Container Slice.\r\n[\u001b[0;32m  OK  \u001b[0m] Created slice \u001b[0;1;39mVirtual Machine and Container Slice\u001b[0m.\r\n[   13.501965] systemd[1]: Created slice Slice /system/modprobe.\r\n[\u001b[0;32m  OK  \u001b[0m] Created slice \u001b[0;1;39mSlice /system/modprobe\u001b[0m.\r\n[   13.504753] systemd[1]: Created slice Slice /system/serial-getty.\r\n[\u001b[0;32m  OK  \u001b[0m] Created slice \u001b[0;1;39mSlice /system/serial-getty\u001b[0m.\r\n[   13.507561] systemd[1]: Created slice Slice /system/systemd-fsck.\r\n[\u001b[0;32m  OK  \u001b[0m] Created slice \u001b[0;1;39mSlice /system/systemd-fsck\u001b[0m.\r\n[   13.510192] systemd[1]: Created slice User and Session Slice.\r\n[\u001b[0;32m  OK  \u001b[0m] Created slice \u001b[0;1;39mUser and Session Slice\u001b[0m.\r\n[   13.512325] systemd[1]: Started Forward Password Requests to Wall Directory Watch.\r\n[\u001b[0;32m  OK  \u001b[0m] Started \u001b[0;1;39mForward Password R\u2026uests to Wall Directory Watch\u001b[0m.\r\n[   13.514630] systemd[1]: Set up automount Arbitrary Executable File Formats File System Automount Point.\r\n[\u001b[0;32m  OK  \u001b[0m] Set up automount \u001b[0;1;39mArbitrary\u2026s File System Automount Point\u001b[0m.\r\n[   13.517655] systemd[1]: Reached target Slice Units.\r\n[\u001b[0;32m  OK  \u001b[0m] Reached target \u001b[0;1;39mSlice Units\u001b[0m.\r\n[   13.519341] systemd[1]: Reached target Mounting snaps.\r\n[\u001b[0;32m  OK  \u001b[0m] Reached target \u001b[0;1;39mMounting snaps\u001b[0m.\r\n[   13.520928] systemd[1]: Reached target Swaps.\r\n[\u001b[0;32m  OK  \u001b[0m] Reached target \u001b[0;1;39mSwaps\u001b[0m.\r\n[   13.522378] systemd[1]: Reached target System Time Set.\r\n[\u001b[0;32m  OK  \u001b[0m] Reached target \u001b[0;1;39mSystem Time Set\u001b[0m.\r\n[   13.524296] systemd[1]: Reached target Local Verity Protected Volumes.\r\n[\u001b[0;32m  OK  \u001b[0m] Reached target \u001b[0;1;39mLocal Verity Protected Volumes\u001b[0m.\r\n[   13.526261] systemd[1]: Reached target Libvirt guests shutdown.\r\n[\u001b[0;32m  OK  \u001b[0m] Reached target \u001b[0;1;39mLibvirt guests shutdown\u001b[0m.\r\n[   13.528098] systemd[1]: Listening on Device-mapper event daemon FIFOs.\r\n[\u001b[0;32m  OK  \u001b[0m] Listening on \u001b[0;1;39mDevice-mapper event daemon FIFOs\u001b[0m.\r\n[   13.530099] systemd[1]: Listening on LVM2 poll daemon socket.\r\n[\u001b[0;32m  OK  \u001b[0m] Listening on \u001b[0;1;39mLVM2 poll daemon socket\u001b[0m.\r\n[   13.532370] systemd[1]: Listening on multipathd control socket.\r\n[\u001b[0;32m  OK  \u001b[0m] Listening on \u001b[0;1;39mmultipathd control socket\u001b[0m.\r\n[   13.534590] systemd[1]: Listening on Syslog Socket.\r\n[\u001b[0;32m  OK  \u001b[0m] Listening on \u001b[0;1;39mSyslog Socket\u001b[0m.\r\n[   13.536539] systemd[1]: Listening on fsck to fsckd communication Socket.\r\n[\u001b[0;32m  OK  \u001b[0m] Listening on \u001b[0;1;39mfsck to fsckd communication Socket\u001b[0m.\r\n[   13.538730] systemd[1]: Listening on initctl Compatibility Named Pipe.\r\n[\u001b[0;32m  OK  \u001b[0m] Listening on \u001b[0;1;39minitctl Compatibility Named Pipe\u001b[0m.\r\n[   13.541394] systemd[1]: Listening on Journal Audit Socket.\r\n[\u001b[0;32m  OK  \u001b[0m] Listening on \u001b[0;1;39mJournal Audit Socket\u001b[0m.\r\n[   13.543676] systemd[1]: Listening on Journal Socket (/dev/log).\r\n[\u001b[0;32m  OK  \u001b[0m] Listening on \u001b[0;1;39mJournal Socket (/dev/log)\u001b[0m.\r\n[   13.546042] systemd[1]: Listening on Journal Socket.\r\n[\u001b[0;32m  OK  \u001b[0m] Listening on \u001b[0;1;39mJournal Socket\u001b[0m.\r\n[   13.548272] systemd[1]: Listening on Network Service Netlink Socket.\r\n[\u001b[0;32m  OK  \u001b[0m] Listening on \u001b[0;1;39mNetwork Service Netlink Socket\u001b[0m.\r\n[   13.550532] systemd[1]: Listening on udev Control Socket.\r\n[\u001b[0;32m  OK  \u001b[0m] Listening on \u001b[0;1;39mudev Control Socket\u001b[0m.\r\n[   13.552229] systemd[1]: Listening on udev Kernel Socket.\r\n[\u001b[0;32m  OK  \u001b[0m] Listening on \u001b[0;1;39mudev Kernel Socket\u001b[0m.\r\n[   13.563489] systemd[1]: Mounting Huge Pages File System...\r\n         Mounting \u001b[0;1;39mHuge Pages File System\u001b[0m...\r\n[   13.565794] systemd[1]: Mounting POSIX Message Queue File System...\r\n         Mounting \u001b[0;1;39mPOSIX Message Queue File System\u001b[0m...\r\n[   13.568533] systemd[1]: Mounting Kernel Debug File System...\r\n         Mounting \u001b[0;1;39mKernel Debug File System\u001b[0m...\r\n[   13.571009] systemd[1]: Mounting Kernel Trace File System...\r\n         Mounting \u001b[0;1;39mKernel Trace File System\u001b[0m...\r\n[   13.574449] systemd[1]: Starting Journal Service...\r\n         Starting \u001b[0;1;39mJournal Service\u001b[0m...\r\n[   13.577574] systemd[1]: Starting Set the console keyboard layout...\r\n         Starting \u001b[0;1;39mSet the console keyboard layout\u001b[0m...\r\n[   13.580251] systemd[1]: Starting Create List of Static Device Nodes...\r\n         Starting \u001b[0;1;39mCreate List of Static Device Nodes\u001b[0m...\r\n[   13.582933] systemd[1]: Starting Monitoring of LVM2 mirrors, snapshots etc. using dmeventd or progress polling...\r\n         Starting \u001b[0;1;39mMonitoring of LVM\u2026meventd or progress polling\u001b[0m...\r\n[   13.585498] systemd[1]: Condition check resulted in LXD - agent being skipped.\r\n[   13.587208] systemd[1]: Starting Load Kernel Module configfs...\r\n         Starting \u001b[0;1;39mLoad Kernel Module configfs\u001b[0m...\r\n[   13.590002] systemd[1]: Starting Load Kernel Module drm...\r\n         Starting \u001b[0;1;39mLoad Kernel Module drm\u001b[0m...\r\n[   13.592621] systemd[1]: Starting Load Kernel Module efi_pstore...\r\n         Starting \u001b[0;1;39mLoad Kernel Module efi_pstore\u001b[0m...\r\n[   13.595349] systemd[1]: Starting Load Kernel Module fuse...\r\n         Starting \u001b[0;1;39mLoad Kernel Module fuse\u001b[0m...\r\n[   13.598117] systemd[1]: Starting File System Check on Root Device...\r\n         Starting \u001b[0;1;39mFile System Check on Root Device\u001b[0m...\r\n[   13.601930] systemd[1]: Starting Load Kernel Modules...\r\n         Starting \u001b[0;1;39mLoad Kernel Modules\u001b[0m...\r\n[   13.604581] systemd[1]: Starting Coldplug All udev Devices...\r\n         Starting \u001b[0;1;39mColdplug All udev Devices\u001b[0m...\r\n[   13.607205] systemd[1]: Started Journal Service.\r\n[\u001b[0;32m  OK  \u001b[0m] Started \u001b[0;1;39mJournal Service\u001b[0m.\r\n[\u001b[0;32m  OK  \u001b[0m] Finished \u001b[0;1;39mCreate List of Static Device Nodes\u001b[0m.\r\n[\u001b[0;32m  OK  \u001b[0m] Finished \u001b[0;1;39mLoad Kernel Module configfs\u001b[0m.\r\n[\u001b[0;32m  OK  \u001b[0m] Finished \u001b[0;1;39mLoad Kernel Module drm\u001b[0m.\r\n[\u001b[0;32m  OK  \u001b[0m] Finished \u001b[0;1;39mLoad Kernel Module fuse\u001b[0m.\r\n         Mounting \u001b[0;1;39mFUSE Control File System\u001b[0m...\r\n         Mounting \u001b[0;1;39mKernel Configuration File System\u001b[0m...\r\n[\u001b[0;32m  OK  \u001b[0m] Started \u001b[0;1;39mFile System Check Daemon to report status\u001b[0m.\r\n[\u001b[0;32m  OK  \u001b[0m] Finished \u001b[0;1;39mColdplug All udev Devices\u001b[0m.\r\n[   13.667605] pstore: Using crash dump compression: deflate\r\n[\u001b[0;32m  OK  \u001b[0m] Mounted \u001b[0;1;39mHuge Pages File System\u001b[0m.\r\n[\u001b[0;32m  OK  \u001b[0m] Mounted \u001b[0;1;39mPOSIX Message Queue File System\u001b[0m.\r\n[\u001b[0;32m  OK  \u001b[0m] Mounted \u001b[0;1;39mKernel Debug File System\u001b[0m.\r\n[\u001b[0;32m  OK  \u001b[0m] Mounted \u001b[0;1;39mKernel Trace File System\u001b[0m.\r\n[\u001b[0;32m  OK  \u001b[0m] Mounted \u001b[0;1;39mFUSE C[   13.671996] pstore: Registered efi_pstore as persistent store backend\r\nontrol File System\u001b[0m.\r\n[\u001b[0;32m  OK  \u001b[0m] Mounted \u001b[0;1;39mKernel Configuration File System\u001b[0m.\r\n[\u001b[0;32m  OK  \u001b[0m] Finished \u001b[0;1;39mLoad Kernel Module efi_pstore\u001b[0m.\r\n[   14.100756] bridge: filtering via arp/ip/ip6tables is no longer available by default. Update your scripts to load br_netfilter if you need this.\r\n[\u001b[0;32m  OK  \u001b[0m] Finished \u001b[0;1;39mFile System Check on Root Device\u001b[0m.\r\n         Starting \u001b[0;1;39mRemount Root and Kernel File Systems\u001b[0m...\r\n[\u001b[0;32m  OK  \u001b[0m] Finished \u001b[0;1;39mSet the console keyboard layout\u001b[0m.\r\n[   14.152269] EXT4-fs (nvme0n1p1): re-mounted 1704c5c0-f1f1-4418-b861-7e80cddeb8e5 r/w. Quota mode: none.\r\n[\u001b[0;32m  OK  \u001b[0m] Finished \u001b[0;1;39mRemount Root and Kernel File Systems\u001b[0m.\r\n         Starting \u001b[0;1;39mDevice-Mapper Multipath Device Controller\u001b[0m...\r\n         Starting \u001b[0;1;39mFlush Journal to Persistent Storage\u001b[0m...\r\n         Starting \u001b[0;1;39mLoad/Save Random Seed\u001b[0m...\r\n         Starting \u001b[0;1;39mCreate System Users\u001b[0m...\r\n[   14.176440] systemd-journald[177]: Received client request to flush runtime journal.\r\n[\u001b[0;32m  OK  \u001b[0m] Finished \u001b[0;1;39mLoad/Save Random Seed\u001b[0m.\r\n[   14.188285] Bridge firewalling registered\r\n[   14.262927] alua: device handler registered\r\n[   14.264813] emc: device handler registered\r\n[   14.266792] rdac: device handler registered\r\n[\u001b[0;32m  OK  \u001b[0m] Finished \u001b[0;1;39mCreate System Users\u001b[0m.\r\n         Starting \u001b[0;1;39mCreate Static Device Nodes in /dev\u001b[0m...\r\n[\u001b[0;32m  OK  \u001b[0m] Finished \u001b[0;1;39mCreate Static Device Nodes in /dev\u001b[0m.\r\n         Starting \u001b[0;1;39mRule-based Manage\u2026for Device Events and Files\u001b[0m...\r\n[\u001b[0;32m  OK  \u001b[0m] Finished \u001b[0;1;39mLoad Kernel Modules\u001b[0m.\r\n         Starting \u001b[0;1;39mApply Kernel Variables\u001b[0m...\r\n[\u001b[0;32m  OK  \u001b[0m] Finished \u001b[0;1;39mApply Kernel Variables\u001b[0m.\r\n[\u001b[0;32m  OK  \u001b[0m] Started \u001b[0;1;39mRule-based Manager for Device Events and Files\u001b[0m.\r\n[\u001b[0;32m  OK  \u001b[0m] Started \u001b[0;1;39mDispatch Password \u2026ts to Console Directory Watch\u001b[0m.\r\n[\u001b[0;32m  OK  \u001b[0m] Reached target \u001b[0;1;39mLocal Encrypted Volumes\u001b[0m.\r\n[\u001b[0;32m  OK  \u001b[0m] Found device \u001b[0;1;39m/dev/ttyS0\u001b[0m.\r\n[\u001b[0;32m  OK  \u001b[0m] Listening on \u001b[0;1;39mLoad/Save RF \u2026itch Status /dev/rfkill Watch\u001b[0m.\r\n[\u001b[0;32m  OK  \u001b[0m] Finished \u001b[0;1;39mFlush Journal to Persistent Storage\u001b[0m.\r\n[\u001b[0;32m  OK  \u001b[0m] Started \u001b[0;1;39mDevice-Mapper Multipath Device Controller\u001b[0m.\r\n[\u001b[0;32m  OK  \u001b[0m] Found device \u001b[0;1;39mAmazon Elastic Block Store UEFI\u001b[0m.\r\n[\u001b[0;32m  OK  \u001b[0m] Finished \u001b[0;1;39mMonitoring of LVM\u2026 dmeventd or progress polling\u001b[0m.\r\n[\u001b[0;32m  OK  \u001b[0m] Reached target \u001b[0;1;39mPreparation for Local File Systems\u001b[0m.\r\n         Mounting \u001b[0;1;39mPrepare /run/qemu\u2026ack-load modules from there\u001b[0m...\r\n         Mounting \u001b[0;1;39mMount unit for core20, revision 2496\u001b[0m...\r\n         Mounting \u001b[0;1;39mMount unit for core22, revision 1802\u001b[0m...\r\n         Mounting \u001b[0;1;39mMount unit for lxd, revision 31333\u001b[0m...\r\n         Mounting \u001b[0;1;39mMount unit for snapd, revision 23771\u001b[0m...\r\n[\u001b[0;32m  OK  \u001b[0m] Reached target \u001b[0;1;39mContainers\u001b[0m.\r\n         Starting \u001b[0;1;39mFile System Check on /dev/disk/by-label/UEFI\u001b[0m...\r\n[\u001b[0;32m  OK  \u001b[0m] Mounted \u001b[0;1;39mPrepare /run/qemu \u2026lback-load modules from there\u001b[0m.\r\n[\u001b[0;32m  OK  \u001b[0m] Finished \u001b[0;1;39mFile System Check on /dev/disk/by-label/UEFI\u001b[0m.\r\n         Mounting \u001b[0;1;39m/boot/efi\u001b[0m...\r\n[\u001b[0;32m  OK  \u001b[0m] Mounted \u001b[0;1;39mMount unit for core20, revision 2496\u001b[0m.\r\n[\u001b[0;32m  OK  \u001b[0m] Mounted \u001b[0;1;39mMount unit for core22, revision 1802\u001b[0m.\r\n[\u001b[0;32m  OK  \u001b[0m] Mounted \u001b[0;1;39mMount unit for snapd, revision 23771\u001b[0m.\r\n[\u001b[0;32m  OK  \u001b[0m] Mounted \u001b[0;1;39mMount unit for lxd, revision 31333\u001b[0m.\r\n[\u001b[0;32m  OK  \u001b[0m] Reached target \u001b[0;1;39mMounted snaps\u001b[0m.\r\n[\u001b[0;32m  OK  \u001b[0m] Mounted \u001b[0;1;39m/boot/efi\u001b[0m.\r\n[\u001b[0;32m  OK  \u001b[0m] Reached target \u001b[0;1;39mLocal File Systems\u001b[0m.\r\n         Starting \u001b[0;1;39mLoad AppArmor profiles\u001b[0m...\r\n         Starting \u001b[0;1;39mSet console font and keymap\u001b[0m...\r\n         Starting \u001b[0;1;39mCreate final runt\u2026dir for shutdown pivot root\u001b[0m...\r\n         Starting \u001b[0;1;39mTell Plymouth To Write Out Runtime Data\u001b[0m...\r\n         Starting \u001b[0;1;39mQEMU KVM preparation - module, ksm, hugepages\u001b[0m...\r\n         Starting \u001b[0;1;39mSet Up Additional Binary Formats\u001b[0m...\r\n         Starting \u001b[0;1;39mCreate Volatile Files and Directories\u001b[0m...\r\n         Starting \u001b[0;1;39mUncomplicated firewall\u001b[0m...\r\n[\u001b[0;32m  OK  \u001b[0m] Finished \u001b[0;1;39mSet console font and keymap\u001b[0m.\r\n[\u001b[0;32m  OK  \u001b[0m] Finished \u001b[0;1;39mCreate final runt\u2026e dir for shutdown pivot root\u001b[0m.\r\n         Mounting \u001b[0;1;39mArbitrary Executable File Formats File System\u001b[0m...\r\n[\u001b[0;32m  OK  \u001b[0m] Mounted \u001b[0;1;39mArbitrary Executable File Formats File System\u001b[0m.\r\n[\u001b[0;32m  OK  \u001b[0m] Finished \u001b[0;1;39mSet Up Additional Binary Formats\u001b[0m.\r\n[\u001b[0;32m  OK  \u001b[0m] Finished \u001b[0;1;39mQEMU KVM preparation - module, ksm, hugepages\u001b[0m.\r\n[\u001b[0;32m  OK  \u001b[0m] Finished \u001b[0;1;39mTell Plymouth To Write Out Runtime Data\u001b[0m.\r\n[\u001b[0;32m  OK  \u001b[0m] Finished \u001b[0;1;39mCreate Volatile Files and Directories\u001b[0m.\r\n         Starting \u001b[0;1;39mRecord System Boot/Shutdown in UTMP\u001b[0m...\r\n[\u001b[0;32m  OK  \u001b[0m] Finished \u001b[0;1;39mRecord System Boot/Shutdown in UTMP\u001b[0m.\r\n[\u001b[0;32m  OK  \u001b[0m] Finished \u001b[0;1;39mLoad AppArmor profiles\u001b[0m.\r\n         Starting \u001b[0;1;39mLoad AppArmor pro\u2026managed internally by snapd\u001b[0m...\r\n         Starting \u001b[0;1;39mCloud-init: Local Stage (pre-network)\u001b[0m...\r\n[\u001b[0;32m  OK  \u001b[0m] Finished \u001b[0;1;39mLoad AppArmor pro\u2026s managed internally by snapd\u001b[0m.\r\n[\u001b[0;32m  OK  \u001b[0m] Finished \u001b[0;1;39mUncomplicated firewall\u001b[0m.\r\n[   24.721858] cloud-init[463]: Cloud-init v. 24.4.1-0ubuntu0~22.04.2 running 'init-local' at Fri, 18 Apr 2025 07:17:15 +0000. Up 24.70 seconds.\r\n[\u001b[0;32m  OK  \u001b[0m] Finished \u001b[0;1;39mCloud-init: Local Stage (pre-network)\u001b[0m.\r\n[\u001b[0;32m  OK  \u001b[0m] Reached target \u001b[0;1;39mPreparation for Network\u001b[0m.\r\n         Starting \u001b[0;1;39mOpen vSwitch Database Unit\u001b[0m...\r\n         Starting \u001b[0;1;39mNetwork Configuration\u001b[0m...\r\n[\u001b[0;32m  OK  \u001b[0m] Started \u001b[0;1;39mNetwork Configuration\u001b[0m.\r\n         Starting \u001b[0;1;39mWait for Network to be Configured\u001b[0m...\r\n         Starting \u001b[0;1;39mNetwork Name Resolution\u001b[0m...\r\n[\u001b[0;32m  OK  \u001b[0m] Started \u001b[0;1;39mNetwork Name Resolution\u001b[0m.\r\n[\u001b[0;32m  OK  \u001b[0m] Reached target \u001b[0;1;39mHost and Network Name Lookups\u001b[0m.\r\n[\u001b[0;32m  OK  \u001b[0m] Started \u001b[0;1;39mOpen vSwitch Database Unit\u001b[0m.\r\n         Starting \u001b[0;1;39mOpenVSwitch configuration for cleanup\u001b[0m...\r\n         Starting \u001b[0;1;39mOpen vSwitch Forwarding Unit\u001b[0m...\r\n[\u001b[0;32m  OK  \u001b[0m] Started \u001b[0;1;39mOpen vSwitch Forwarding Unit\u001b[0m.\r\n[\u001b[0;32m  OK  \u001b[0m] Finished \u001b[0;1;39mOpenVSwitch configuration for cleanup\u001b[0m.\r\n[\u001b[0;31m*\u001b[0;1;31m*\u001b[0m\u001b[0;31m*   \u001b[0m] A start job is running for Wait for\u2026 to be Configured (33s / no limit)\r\n\u001bM\r\u001b[K[ \u001b[0;31m*\u001b[0;1;31m*\u001b[0m\u001b[0;31m*  \u001b[0m] A start job is running for Wait for\u2026 to be Configured (33s / no limit)\r\n\u001bM\r\u001b[K[  \u001b[0;31m*\u001b[0;1;31m*\u001b[0m\u001b[0;31m* \u001b[0m] A start job is running for Wait for\u2026 to be Configured (34s / no limit)\r\n\u001bM\r\u001b[K[   \u001b[0;31m*\u001b[0;1;31m*\u001b[0m\u001b[0;31m*\u001b[0m] A start job is running for Wait for\u2026 to be Configured (34s / no limit)\r\n\u001bM\r\u001b[K[    \u001b[0;31m*\u001b[0;1;31m*\u001b[0m] A start job is running for Wait for\u2026 to be Configured (35s / no limit)\r\n\u001bM\r\u001b[K[     \u001b[0;31m*\u001b[0m] A start job is running for Wait for\u2026 to be Configured (35s / no limit)\r\n\u001bM\r\u001b[K[    \u001b[0;31m*\u001b[0;1;31m*\u001b[0m] A start job is running for Wait for\u2026 to be Configured (36s / no limit)\r\n\u001bM\r\u001b[K[   \u001b[0;31m*\u001b[0;1;31m*\u001b[0m\u001b[0;31m*\u001b[0m] A start job is running for Wait for\u2026 to be Configured (36s / no limit)\r\n\u001bM\r\u001b[K[  \u001b[0;31m*\u001b[0;1;31m*\u001b[0m\u001b[0;31m* \u001b[0m] A start job is running for Wait for\u2026 to be Configured (37s / no limit)\r\n\u001bM\r\u001b[K[ \u001b[0;31m*\u001b[0;1;31m*\u001b[0m\u001b[0;31m*  \u001b[0m] A start job is running for Wait for\u2026 to be Configured (37s / no limit)\r\n\u001bM\r\u001b[K[\u001b[0;31m*\u001b[0;1;31m*\u001b[0m\u001b[0;31m*   \u001b[0m] A start job is running for Wait for\u2026 to be Configured (38s / no limit)\r\n\u001bM\r\u001b[K[\u001b[0;1;31m*\u001b[0m\u001b[0;31m*    \u001b[0m] A start job is running for Wait for\u2026 to be Configured (38s / no limit)\r\n\u001bM\r\u001b[K[\u001b[0m\u001b[0;31m*     \u001b[0m] A start job is running for Wait for\u2026 to be Configured (39s / no limit)\r\n\u001bM\r\u001b[K[\u001b[0;1;31m*\u001b[0m\u001b[0;31m*    \u001b[0m] A start job is running for Wait for\u2026 to be Configured (39s / no limit)\r\n\u001bM\r\u001b[K[\u001b[0;31m*\u001b[0;1;31m*\u001b[0m\u001b[0;31m*   \u001b[0m] A start job is running for Wait for\u2026 to be Configured (40s / no limit)\r\n\u001bM\r\u001b[K[ \u001b[0;31m*\u001b[0;1;31m*\u001b[0m\u001b[0;31m*  \u001b[0m] A start job is running for Wait for\u2026 to be Configured (40s / no limit)\r\n\u001bM\r\u001b[K[  \u001b[0;31m*\u001b[0;1;31m*\u001b[0m\u001b[0;31m* \u001b[0m] A start job is running for Wait for\u2026 to be Configured (41s / no limit)\r\n\u001bM\r\u001b[K[   \u001b[0;31m*\u001b[0;1;31m*\u001b[0m\u001b[0;31m*\u001b[0m] A start job is running for Wait for\u2026 to be Configured (41s / no limit)\r\n\u001bM\r\u001b[K[    \u001b[0;31m*\u001b[0;1;31m*\u001b[0m] A start job is running for Wait for\u2026 to be Configured (42s / no limit)\r\n\u001bM\r\u001b[K[     \u001b[0;31m*\u001b[0m] A start job is running for Wait for\u2026 to be Configured (42s / no limit)\r\n\u001bM\r\u001b[K[    \u001b[0;31m*\u001b[0;1;31m*\u001b[0m] A start job is running for Wait for\u2026 to be Configured (43s / no limit)\r\n\u001bM\r\u001b[K[   \u001b[0;31m*\u001b[0;1;31m*\u001b[0m\u001b[0;31m*\u001b[0m] A start job is running for Wait for\u2026 to be Configured (43s / no limit)\r\n\u001bM\r\u001b[K[  \u001b[0;31m*\u001b[0;1;31m*\u001b[0m\u001b[0;31m* \u001b[0m] A start job is running for Wait for\u2026 to be Configured (44s / no limit)\r\n\u001bM\r\u001b[K[ \u001b[0;31m*\u001b[0;1;31m*\u001b[0m\u001b[0;31m*  \u001b[0m] A start job is running for Wait for\u2026 to be Configured (44s / no limit)\r\n\u001bM\r\u001b[K[\u001b[0;31m*\u001b[0;1;31m*\u001b[0m\u001b[0;31m*   \u001b[0m] A start job is running for Wait for\u2026 to be Configured (45s / no limit)\r\n\u001bM\r\u001b[K[\u001b[0;1;31m*\u001b[0m\u001b[0;31m*    \u001b[0m] A start job is running for Wait for\u2026 to be Configured (45s / no limit)\r\n\u001bM\r\u001b[K[\u001b[0m\u001b[0;31m*     \u001b[0m] A start job is running for Wait for\u2026 to be Configured (46s / no limit)\r\n\u001bM\r\u001b[K[\u001b[0;1;31m*\u001b[0m\u001b[0;31m*    \u001b[0m] A start job is running for Wait for\u2026 to be Configured (46s / no limit)\r\n\u001bM\r\u001b[K[\u001b[0;31m*\u001b[0;1;31m*\u001b[0m\u001b[0;31m*   \u001b[0m] A start job is running for Wait for\u2026 to be Configured (47s / no limit)\r\n\u001bM\r\u001b[K[ \u001b[0;31m*\u001b[0;1;31m*\u001b[0m\u001b[0;31m*  \u001b[0m] A start job is running for Wait for\u2026 to be Configured (47s / no limit)\r\n\u001bM\r\u001b[K[  \u001b[0;31m*\u001b[0;1;31m*\u001b[0m\u001b[0;31m* \u001b[0m] A start job is running for Wait for\u2026 to be Configured (48s / no limit)\r\n\u001bM\r\u001b[K[   \u001b[0;31m*\u001b[0;1;31m*\u001b[0m\u001b[0;31m*\u001b[0m] A start job is running for Wait for\u2026 to be Configured (48s / no limit)\r\n\u001bM\r\u001b[K[    \u001b[0;31m*\u001b[0;1;31m*\u001b[0m] A start job is running for Wait for\u2026 to be Configured (49s / no limit)\r\n\u001bM\r\u001b[K[     \u001b[0;31m*\u001b[0m] A start job is running for Wait for\u2026 to be Configured (49s / no limit)\r\n\u001bM\r\u001b[K[    \u001b[0;31m*\u001b[0;1;31m*\u001b[0m] A start job is running for Wait for\u2026 to be Configured (50s / no limit)\r\n\u001bM\r\u001b[K[   \u001b[0;31m*\u001b[0;1;31m*\u001b[0m\u001b[0;31m*\u001b[0m] A start job is running for Wait for\u2026 to be Configured (50s / no limit)\r\n\u001bM\r\u001b[K[  \u001b[0;31m*\u001b[0;1;31m*\u001b[0m\u001b[0;31m* \u001b[0m] A start job is running for Wait for\u2026 to be Configured (51s / no limit)\r\n\u001bM\r\u001b[K[ \u001b[0;31m*\u001b[0;1;31m*\u001b[0m\u001b[0;31m*  \u001b[0m] A start job is running for Wait for\u2026 to be Configured (51s / no limit)\r\n\u001bM\r\u001b[K[\u001b[0;31m*\u001b[0;1;31m*\u001b[0m\u001b[0;31m*   \u001b[0m] A start job is running for Wait for\u2026 to be Configured (52s / no limit)\r\n\u001bM\r\u001b[K[\u001b[0;1;31m*\u001b[0m\u001b[0;31m*    \u001b[0m] A start job is running for Wait for\u2026 to be Configured (52s / no limit)\r\n\u001bM\r\u001b[K[\u001b[0m\u001b[0;31m*     \u001b[0m] A start job is running for Wait for\u2026 to be Configured (53s / no limit)\r\n\u001bM\r\u001b[K[\u001b[0;1;31m*\u001b[0m\u001b[0;31m*    \u001b[0m] A start job is running for Wait for\u2026 to be Configured (53s / no limit)\r\n\u001bM\r\u001b[K[\u001b[0;31m*\u001b[0;1;31m*\u001b[0m\u001b[0;31m*   \u001b[0m] A start job is running for Wait for\u2026 to be Configured (54s / no limit)\r\n\u001bM\r\u001b[K[ \u001b[0;31m*\u001b[0;1;31m*\u001b[0m\u001b[0;31m*  \u001b[0m] A start job is running for Wait for\u2026 to be Configured (54s / no limit)\r\n\u001bM\r\u001b[K[  \u001b[0;31m*\u001b[0;1;31m*\u001b[0m\u001b[0;31m* \u001b[0m] A start job is running for Wait for\u2026 to be Configured (55s / no limit)\r\n\u001bM\r\u001b[K[   \u001b[0;31m*\u001b[0;1;31m*\u001b[0m\u001b[0;31m*\u001b[0m] A start job is running for Wait for\u2026 to be Configured (55s / no limit)\r\n\u001bM\r\u001b[K[    \u001b[0;31m*\u001b[0;1;31m*\u001b[0m] A start job is running for Wait for\u2026 to be Configured (56s / no limit)\r\n\u001bM\r\u001b[K[     \u001b[0;31m*\u001b[0m] A start job is running for Wait for\u2026 to be Configured (56s / no limit)\r\n\u001bM\r\u001b[K[    \u001b[0;31m*\u001b[0;1;31m*\u001b[0m] A start job is running for Wait for\u2026 to be Configured (57s / no limit)\r\n\u001bM\r\u001b[K[   \u001b[0;31m*\u001b[0;1;31m*\u001b[0m\u001b[0;31m*\u001b[0m] A start job is running for Wait for\u2026 to be Configured (57s / no limit)\r\n\u001bM\r\u001b[K[  \u001b[0;31m*\u001b[0;1;31m*\u001b[0m\u001b[0;31m* \u001b[0m] A start job is running for Wait for\u2026 to be Configured (58s / no limit)\r\n\u001bM\r\u001b[K[ \u001b[0;31m*\u001b[0;1;31m*\u001b[0m\u001b[0;31m*  \u001b[0m] A start job is running for Wait for\u2026 to be Configured (58s / no limit)\r\n\u001bM\r\u001b[K[\u001b[0;31m*\u001b[0;1;31m*\u001b[0m\u001b[0;31m*   \u001b[0m] A start job is running for Wait for\u2026 to be Configured (59s / no limit)\r\n\u001bM\r\u001b[K[\u001b[0;1;31m*\u001b[0m\u001b[0;31m*    \u001b[0m] A start job is running for Wait for\u2026 to be Configured (59s / no limit)\r\n\u001bM\r\u001b[K[\u001b[0m\u001b[0;31m*     \u001b[0m] A start job is running for Wait for\u2026to be Configured (1min / no limit)\r\n\u001bM\r\u001b[K[\u001b[0;1;31m*\u001b[0m\u001b[0;31m*    \u001b[0m] A start job is running for Wait for\u2026to be Configured (1min / no limit)\r\n\u001bM\r\u001b[K[\u001b[0;31m*\u001b[0;1;31m*\u001b[0m\u001b[0;31m*   \u001b[0m] A start job is running for Wait for\u2026be Configured (1min 1s / no limit)\r\n\u001bM\r\u001b[K[ \u001b[0;31m*\u001b[0;1;31m*\u001b[0m\u001b[0;31m*  \u001b[0m] A start job is running for Wait for\u2026be Configured (1min 1s / no limit)\r\n\u001bM\r\u001b[K[  \u001b[0;31m*\u001b[0;1;31m*\u001b[0m\u001b[0;31m* \u001b[0m] A start job is running for Wait for\u2026be Configured (1min 2s / no limit)\r\n\u001bM\r\u001b[K[   \u001b[0;31m*\u001b[0;1;31m*\u001b[0m\u001b[0;31m*\u001b[0m] A start job is running for Wait for\u2026be Configured (1min 2s / no limit)\r\n\u001bM\r\u001b[K[    \u001b[0;31m*\u001b[0;1;31m*\u001b[0m] A start job is running for Wait for\u2026be Configured (1min 3s / no limit)\r\n\u001bM\r\u001b[K[     \u001b[0;31m*\u001b[0m] A start job is running for Wait for\u2026be Configured (1min 3s / no limit)\r\n\u001bM\r\u001b[K[    \u001b[0;31m*\u001b[0;1;31m*\u001b[0m] A start job is running for Wait for\u2026be Configured (1min 4s / no limit)\r\n\u001bM\r\u001b[K[   \u001b[0;31m*\u001b[0;1;31m*\u001b[0m\u001b[0;31m*\u001b[0m] A start job is running for Wait for\u2026be Configured (1min 4s / no limit)\r\n\u001bM\r\u001b[K[  \u001b[0;31m*\u001b[0;1;31m*\u001b[0m\u001b[0;31m* \u001b[0m] A start job is running for Wait for\u2026be Configured (1min 5s / no limit)\r\n\u001bM\r\u001b[K[ \u001b[0;31m*\u001b[0;1;31m*\u001b[0m\u001b[0;31m*  \u001b[0m] A start job is running for Wait for\u2026be Configured (1min 5s / no limit)\r\n\u001bM\r\u001b[K[\u001b[0;31m*\u001b[0;1;31m*\u001b[0m\u001b[0;31m*   \u001b[0m] A start job is running for Wait for\u2026be Configured (1min 6s / no limit)\r\n\u001bM\r\u001b[K[\u001b[0;1;31m*\u001b[0m\u001b[0;31m*    \u001b[0m] A start job is running for Wait for\u2026be Configured (1min 6s / no limit)\r\n\u001bM\r\u001b[K[\u001b[0m\u001b[0;31m*     \u001b[0m] A start job is running for Wait for\u2026be Configured (1min 7s / no limit)\r\n\u001bM\r\u001b[K[\u001b[0;1;31m*\u001b[0m\u001b[0;31m*    \u001b[0m] A start job is running for Wait for\u2026be Configured (1min 7s / no limit)\r\n\u001bM\r\u001b[K[\u001b[0;31m*\u001b[0;1;31m*\u001b[0m\u001b[0;31m*   \u001b[0m] A start job is running for Wait for\u2026be Configured (1min 8s / no limit)\r\n\u001bM\r\u001b[K[ \u001b[0;31m*\u001b[0;1;31m*\u001b[0m\u001b[0;31m*  \u001b[0m] A start job is running for Wait for\u2026be Configured (1min 8s / no limit)\r\n\u001bM\r\u001b[K[  \u001b[0;31m*\u001b[0;1;31m*\u001b[0m\u001b[0;31m* \u001b[0m] A start job is running for Wait for\u2026be Configured (1min 9s / no limit)\r\n"
        }
    }
}